
> react-example@0.0.0 build
> next build

  Γû▓ Next.js 14.2.23

   Creating an optimized production build ...
 Γ£ô Compiled successfully
   Linting and checking validity of types ...

./app/deliver/[milestoneId]/page.tsx
178:13  Warning: Using `<img>` could result in slower LCP and higher bandwidth. Consider using `<Image />` from `next/image` to automatically optimize images. This may incur additional usage or cost from your provider. See: https://nextjs.org/docs/messages/no-img-element  @next/next/no-img-element

info  - Need to disable some ESLint rules? Learn more here: https://nextjs.org/docs/basic-features/eslint#disabling-rules
node.exe : Failed to compile.
At line:1 char:1
+ & "C:\Program Files\nodejs/node.exe" "C:\Program Files\nodejs/node_mo ...
+ ~~~~~~~~~~~~~~~~~~~~~~~~~~~~~~~~~~~~~~~~~~~~~~~~~~~~~~~~~~~~~~~~~~~~~
    + CategoryInfo          : NotSpecified: (Failed to compile.:String) [], RemoteException
    + FullyQualifiedErrorId : NativeCommandError
 

./app/deliver/[milestoneId]/page.tsx:35:24
Type error: Conversion of type '{ id: string; projectId: string; title: string; amount: number; state: "DELIVERED"; 
revisionLimit: number; revisionUsed: number; description: string; acceptanceCriteria: string; createdAt: Date; updatedAt: 
Date; dueDate: Date; deliveryNotes: string; }' to type 'Milestone' may be a mistake because neither type sufficiently 
overlaps with the other. If this was intentional, convert the expression to 'unknown' first.
  Types of property 'dueDate' are incompatible.
    Type 'Date' is missing the following properties from type 'Timestamp': seconds, nanoseconds, toDate, toMillis, isEqual

[0m [90m 33 |[39m           setMilestone(mSnap[33m.[39mdata() [36mas[39m [33mMilestone[39m)[33m;[39m[0m
[0m [90m 34 |[39m         } [36melse[39m {[0m
[0m[31m[1m>[22m[39m[90m 35 |[39m           setMilestone({[0m
[0m [90m    |[39m                        [31m[1m^[22m[39m[0m
[0m [90m 36 |[39m              id[33m,[39m projectId[33m:[39m [32m'p-1'[39m[33m,[39m title[33m:[39m 
[32m'Example Delivery'[39m[33m,[39m amount[33m:[39m [35m500[39m[33m,[39m state[33m:[39m 
[32m'DELIVERED'[39m[33m,[39m [0m
[0m [90m 37 |[39m              revisionLimit[33m:[39m [35m2[39m[33m,[39m revisionUsed[33m:[39m 
[35m0[39m[33m,[39m description[33m:[39m [32m'Mock'[39m[33m,[39m acceptanceCriteria[33m:[39m 
[32m''[39m[33m,[39m createdAt[33m:[39m [36mnew[39m [33mDate[39m()[33m,[39m updatedAt[33m:[39m [36mnew[39m 
[33mDate[39m()[33m,[39m[0m
[0m [90m 38 |[39m              dueDate[33m:[39m [36mnew[39m [33mDate[39m()[33m,[39m[0m
Static worker exited with code: 1 and signal: null
